[
["adelgazar", "Bajar peso"],
["definir", "Bajar peso"],
["definición", "Bajar peso"],
["definicion", "Bajar peso"],
["bajar peso", "Bajar peso"],
["bajar de peso", "Bajar peso"],
["perder grasa", "Bajar peso"],
["bajar grasa", "Bajar peso"],
["bajar de grasa", "Bajar peso"],
["bajar la grasa", "Bajar peso"],
["perder peso", "perder peso"],
["perder kg", "Bajar peso"],
["perder kilitos", "Bajar peso"],
["perder unos kg", "Bajar peso"],
["perder unos kilos", "Bajar peso"],
["perder unos kilitos", "Bajar peso"],
["bajar kg", "Bajar peso"],
["bajar kilitos", "Bajar peso"],
["bajar unos kg", "Bajar peso"],
["bajar unos kilos", "Bajar peso"],
["bajar unos kilitos", "Bajar peso"],
["marcar tableta", "Bajar peso"],
["marcar la tableta", "Bajar peso"],
["marcar abdominales", "Bajar peso"],
["marcar los abdominales", "Bajar peso"],
["volumen", "Subir peso"],
["aumentar masa", "Subir peso"],
["aumentar masa muscular", "Subir peso"],
["ganar musculo", "Subir peso"],
["ganar músculo", "Subir peso"],
["ganar peso", "Subir peso"],
["aumentar peso", "Subir peso"],
["subir peso", "Subir peso"],
["subir de peso", "Subir peso"],
["crecer", "Subir peso"],
["crecer muscularmente", "Subir peso"],
["crecer como las setas", "Subir peso"],
["ponerme grande", "Subir peso"],
["ponerme fuerte", "Subir peso"],
["ponerme grande y fuerte", "Subir peso"],
["ponerme del copón", "Subir peso"],
["ponerme cachas", "Subir peso"],
["ponerme cuadrado", "Subir peso"],
["hacerme grande", "Subir peso"],
["hacerme fuerte", "Subir peso"],
["hacerme grande y fuerte", "Subir peso"],
["mantener", "Mantener peso"],
["mantener peso", "Mantener peso"],
["mantener el peso", "Mantener peso"],
["mantener mi peso", "Mantener peso"],
["mantenerme", "Mantener peso"],
["mantenerme asi", "Mantener peso"],
["mantenerme así", "Mantener peso"],
["mantenerme como estoy", "Mantener peso"],
["mantenimiento", "Mantener peso"],
["seguir como estoy", "Mantener peso"]
]
