[
["Alaior", "alaior-id07002"],
["Alaró", "alaro-id07001"],
["Alaro", "alaro-id07001"],
["Alcúdia", "alcudia-id07003"],
["Alcudia", "alcudia-id07003"],
["Algaida", "algaida-id07004"],
["Andratx", "andratx-id07005"],
["Ariany", "ariany-id07901"],
["Artà", "arta-id07006"],
["Arta", "arta-id07006"],
["Banyalbufar", "banyalbufar-id07007"],
["Binissalem", "binissalem-id07008"],
["Búger", "buger-id07009"],
["Buger", "buger-id07009"],
["Bunyola", "bunyola-id07010"],
["Calvià", "calvia-id07011"],
["Calvia", "calvia-id07011"],
["Campanet", "campanet-id07012"],
["Campos", "campos-id07013"],
["Capdepera", "capdepera-id07014"],
["Es Castell", "castell-es-id07064"],
["Ciutadella de Menorca", "ciutadella-de-menorca-id07015"],
["Ciudadela", "ciutadella-de-menorca-id07015"],
["Consell", "consell-id07016"],
["Costitx", "costitx-id07017"],
["Deià", "deia-id07018"],
["Deia", "deia-id07018"],
["Eivissa", "eivissa-id07026"],
["Ibiza", "eivissa-id07026"],
["Escorca", "escorca-lluc-id07019"],
["Esporles", "esporles-id07020"],
["Estellencs", "estellencs-id07021"],
["Felanitx", "felanitx-id07022"],
["Ferreries", "ferreries-id07023"],
["Formentera", "formentera-san-francisco-javier-id07024"],
["Fornalutx", "fornalutx-id07025"],
["Inca", "inca-id07027"],
["Lloret de Vistalegre", "lloret-de-vistalegre-id07028"],
["Lloseta", "lloseta-id07029"],
["Llubí", "llubi-id07030"],
["Llubi", "llubi-id07030"],
["Llucmajor", "llucmajor-id07031"],
["Manacor", "manacor-id07033"],
["Mancor de la Vall", "mancor-de-la-vall-id07034"],
["Maó", "mao-mahon-id07032"],
["Mao", "mao-mahon-id07032"],
["Mahón", "mao-mahon-id07032"],
["Mahon", "mao-mahon-id07032"],
["Maria de la Salut", "maria-de-la-salut-id07035"],
["Marratxí", "marratxi-cabaneta-la-id07036"],
["Marratxi", "marratxi-cabaneta-la-id07036"],
["Es Mercadal", "mercadal-es-id07037"],
["Es Migjorn Gran", "migjorn-gran-es-id07902"],
["Montuïri", "montuiri-id07038"],
["Montuiri", "montuiri-id07038"],
["Muro", "muro-id07039"],
["Palma", "palma-id07040"],
["Palma de Mallorca", "palma-id07040"],
["Petra", "petra-id07041"],
["Sa Pobla", "pobla-sa-id07044"],
["Pollença", "pollenca-id07042"],
["Porreres", "porreres-id07043"],
["Puigpunyent", "puigpunyent-id07045"],
["Ses Salines", "salines-ses-id07059"],
["Santa Eugènia", "santa-eugenia-id07053"],
["Santa Eugenia", "santa-eugenia-id07053"],
["Santa Eulària des Riu", "santa-eularia-des-riu-id07054"],
["Santa Eularia des Riu", "santa-eularia-des-riu-id07054"],
["Santa Margalida", "santa-margalida-id07055"],
["Santa María del Camí", "santa-maria-del-cami-id07056"],
["Santa Maria del Camí", "santa-maria-del-cami-id07056"],
["Sant Antoni de Portmany", "sant-antoni-de-portmany-id07046"],
["Santanyí", "santanyi-id07057"],
["Santanyi", "santanyi-id07057"],
["Sant Joan", "sant-joan-id07049"],
["Sant Joan de Labritja", "sant-joan-de-labritja-id07050"],
["Sant Josep de sa Talaia", "sant-josep-de-sa-talaia-id07048"],
["Sant Llorenç des Cardassar", "sant-llorenc-des-cardassar-id07051"],
["Sant Lluís", "sant-lluis-id07052"],
["Sant Lluis", "sant-lluis-id07052"],
["Selva", "selva-id07058"],
["Sencelles", "sencelles-id07047"],
["Sineu", "sineu-id07060"],
["Sóller", "soller-id07061"],
["Soller", "soller-id07061"],
["Son Servera", "son-servera-id07062"],
["Valldemossa", "valldemossa-id07063"],
["Vilafranca de Bonany", "vilafranca-de-bonany-id07065"]
]
