[
["si", "ok"],
["si", "okey"],
["si", "vale"],
["si", "claro"],
["si", "de acuerdo"],
["si", "en efecto"],
["si", "por supuesto"],
["si", "dale"],
["si", "afirmativo"],
["ok", "si"],
["ok", "okey"],
["ok", "vale"],
["ok", "claro"],
["ok", "de acuerdo"],
["ok", "en efecto"],
["ok", "por supuesto"],
["ok", "dale"],
["ok", "afirmativo"],
["okey", "vale"],
["okey", "claro"],
["okey", "de acuerdo"],
["okey", "en efecto"],
["okey", "por supuesto"],
["okey", "dale"],
["okey", "si"],
["okey", "ok"],
["okey", "afirmativo"],
["vale", "si"],
["vale", "ok"],
["vale", "claro"],
["vale", "de acuerdo"],
["vale", "en efecto"],
["vale", "por supuesto"],
["vale", "dale"],
["vale", "okey"],
["vale", "afirmativo"],
["claro", "de acuerdo"],
["claro", "en efecto"],
["claro", "por supuesto"],
["claro", "dale"],
["claro", "si"],
["claro", "ok"],
["claro", "okey"],
["claro", "vale"],
["claro", "afirmativo"],
["de acuerdo", "en efecto"],
["de acuerdo", "por supuesto"],
["de acuerdo", "dale"],
["de acuerdo", "si"],
["de acuerdo", "ok"],
["de acuerdo", "okey"],
["de acuerdo", "vale"],
["de acuerdo", "claro"],
["de acuerdo", "afirmativo"],
["en efecto", "por supuesto"],
["en efecto", "dale"],
["en efecto", "si"],
["en efecto", "ok"],
["en efecto", "okey"],
["en efecto", "vale"],
["en efecto", "claro"],
["en efecto", "de acuerdo"],
["en efecto", "afirmativo"],
["por supuesto", "dale"],
["por supuesto", "si"],
["por supuesto", "ok"],
["por supuesto", "okey"],
["por supuesto", "vale"],
["por supuesto", "claro"],
["por supuesto", "de acuerdo"],
["por supuesto", "en efecto"],
["por supuesto", "afirmativo"],
["dale", "si"],
["dale", "ok"],
["dale", "okey"],
["dale", "vale"],
["dale", "claro"],
["dale", "de acuerdo"],
["dale", "en efecto"],
["dale", "por supuesto"],
["dale", "afirmativo"],
["afirmativo", "si"],
["afirmativo", "ok"],
["afirmativo", "okey"],
["afirmativo", "vale"],
["afirmativo", "claro"],
["afirmativo", "de acuerdo"],
["afirmativo", "en efecto"],
["afirmativo", "por supuesto"],
["afirmativo", "dale"]
]
